#-----------------------------------------------------------
# Vivado v2020.1.1 (64-bit)
# SW Build 2960000 on Wed Aug  5 22:57:20 MDT 2020
# IP Build 2956692 on Thu Aug  6 01:41:30 MDT 2020
# Start of session at: Thu Nov  5 12:12:17 2020
# Process ID: 9804
# Current directory: D:/Xilinx/projects/zedboard_custom_axi_slave_demo/generic_axi_slave_demo/generic_axi_slave_demo.runs/design_1_processing_system7_0_0_synth_1
# Command line: vivado.exe -log design_1_processing_system7_0_0.vds -product Vivado -mode batch -messageDb vivado.pb -notrace -source design_1_processing_system7_0_0.tcl
# Log file: D:/Xilinx/projects/zedboard_custom_axi_slave_demo/generic_axi_slave_demo/generic_axi_slave_demo.runs/design_1_processing_system7_0_0_synth_1/design_1_processing_system7_0_0.vds
# Journal file: D:/Xilinx/projects/zedboard_custom_axi_slave_demo/generic_axi_slave_demo/generic_axi_slave_demo.runs/design_1_processing_system7_0_0_synth_1\vivado.jou
#-----------------------------------------------------------
source design_1_processing_system7_0_0.tcl -notrace
